1:1 TokenValue "abc"
1:4 TokenBraceOpen "{"
1:5 TokenLinefeed "\n"
2:1 TokenValue "abc"
2:4 TokenBraceClose "}"
2:5 TokenLinefeed "\n"
3:1 TokenValue "def"
3:4 TokenComment "#"
3:5 TokenLinefeed "\n"
4:1 TokenValue "def"
4:4 TokenWhitespace " "
4:5 TokenBraceOpen "{"
4:6 TokenLinefeed "\n"
5:1 TokenValue "def"
5:4 TokenWhitespace " "
5:5 TokenBraceClose "}"