1:1 UnquotedValue "abc"
1:4 BraceOpen "{"
1:5 Linefeed "\n"
2:1 UnquotedValue "abc"
2:4 BraceClose "}"
2:5 Linefeed "\n"
3:1 UnquotedValue "def"
3:4 Comment "#"
3:5 Linefeed "\n"
4:1 UnquotedValue "def"
4:4 Whitespace " "
4:5 BraceOpen "{"
4:6 Linefeed "\n"
5:1 UnquotedValue "def"
5:4 Whitespace " "
5:5 BraceClose "}"